Microchip MPLAB XC8 Compiler V2.50

Linker command line:

-W-3 --edf=/opt/microchip/xc8/v2.50/pic/dat/20240725155939_en.msgs -cn \
  -h+dist/pic16F628a/production/thermometer_7seg_pic16f628a_DS18B20.production.sym \
  --cmf=dist/pic16F628a/production/thermometer_7seg_pic16f628a_DS18B20.production.cmf \
  -z -Q16F628A -o/tmp/xcXAeEMnm/driver_tmp_3.o --defsym=__MPLAB_BUILD=1 \
  --fixupoverflow=error \
  -Mdist/pic16F628a/production/thermometer_7seg_pic16f628a_DS18B20.production.map \
  --md=/tmp/xcXAeEMnm/driver_tmp_0.dat -E1 -ver=XC8 Compiler --acfsm=1493 \
  -ACODE=00h-07FFh -ASTRCODE=00h-07FFh -ASTRING=00h-0FFhx8 \
  -ACONST=00h-0FFhx8 -AENTRY=00h-0FFhx8 -ACOMMON=070h-07Fh \
  -ABANK0=020h-06Fh -ABANK1=0A0h-0EFh -ABANK2=0120h-014Fh \
  -ARAM=020h-06Fh,0A0h-0EFh,0120h-014Fh \
  -AABS1=020h-07Fh,0A0h-0EFh,0120h-014Fh -ASFR0=00h-01Fh -ASFR1=080h-09Fh \
  -ASFR2=0100h-011Fh -ASFR3=0180h-01EFh -ACONFIG=02007h-02007h -DCONFIG=2 \
  -AIDLOC=02000h-02003h -DIDLOC=2 -AEEDATA=00h-07Fh/02100h \
  -peeprom_data=EEDATA -DEEDATA=2 -DCODE=2 -DSTRCODE=2 -DSTRING=2 -DCONST=2 \
  -DENTRY=2 -preset_vec=00h,intentry,sivt,init,end_init -ppowerup=CODE \
  -pcinit=CODE -pfunctab=ENTRY -k /tmp/xcXAeEMnm/driver_tmp_12.o \
  dist/pic16F628a/production/thermometer_7seg_pic16f628a_DS18B20.production.o 

Object code version is 3.11

Machine type is 16F628A



                Name                               Link     Load   Length Selector   Space Scale
/tmp/xcXAeEMnm/driver_tmp_12.o
                end_init                              0        0        1        0       0
                config                             2007     2007        1        0       4
                idloc                              2000     2000        4        0       5
dist/pic16F628a/production/thermometer_7seg_pic16f628a_DS18B20.production.o
                cinit                               7F2      7F2        E      FE4       0
                config                             2007     2007        1        0       4
                idloc                              2000     2000        4        0       5
                text11                              412      412       63      824       0
                text10                              387      387       25      70E       0
                text9                               5C9      5C9       F9      B92       0
                text8                               32E      32E       13      65C       0
                text7                               341      341       13      682       0
                text6                               354      354       13      6A8       0
                text5                               6C2      6C2      130      D84       0
                text4                               3AC      3AC       29      758       0
                text3                               3D5      3D5       3D      7AA       0
                text2                               367      367       20      6CE       0
                text1                               50D      50D       BC      A1A       0
                maintext                            475      475       98      8EA       0
                cstackBANK0                          20       20       12       20       1
                cstackCOMMON                         70       70        E       70       1
                dataBANK0                            36       36        4       20       1
                bssBANK0                             32       32        4       20       1
                idataBANK0                          32A      32A        4      654       0

TOTAL           Name                               Link     Load   Length     Space
        CLASS   CODE           
                end_init                              0        0        1         0
                cinit                               7F2      7F2        E         0
                text11                              412      412       63         0
                text10                              387      387       25         0
                text9                               5C9      5C9       F9         0
                text8                               32E      32E       13         0
                text7                               341      341       13         0
                text6                               354      354       13         0
                text5                               6C2      6C2      130         0
                text4                               3AC      3AC       29         0
                text3                               3D5      3D5       3D         0
                text2                               367      367       20         0
                text1                               50D      50D       BC         0
                maintext                            475      475       98         0
                idataBANK0                          32A      32A        4         0

        CLASS   STRCODE        

        CLASS   STRING         

        CLASS   CONST          

        CLASS   ENTRY          

        CLASS   COMMON         
                cstackCOMMON                         70       70        E         1

        CLASS   BANK0          
                cstackBANK0                          20       20       12         1
                dataBANK0                            36       36        4         1
                bssBANK0                             32       32        4         1

        CLASS   BANK1          

        CLASS   BANK2          

        CLASS   RAM            

        CLASS   ABS1           
                abs_s1                               7E       7E        2         1

        CLASS   SFR0           

        CLASS   SFR1           

        CLASS   SFR2           

        CLASS   SFR3           

        CLASS   CONFIG         
                config                             2007     2007        1         4

        CLASS   IDLOC          
                idloc                              2000     2000        4         5

        CLASS   EEDATA         

        CLASS   BANK3          

        CLASS   HEAP           

        CLASS   STACK          



SEGMENTS        Name                           Load    Length   Top    Selector   Space  Class     Delta

                text2                          000367  000020  000387       6CE       0  CODE        2
                text4                          0003AC  000029  0003D5       758       0  CODE        2
                text10                         000387  000025  0003AC       70E       0  CODE        2
                reset_vec                      000000  000001  000001         0       0  CODE        2
                text6                          000354  000013  000367       6A8       0  CODE        2
                text3                          0003D5  00003D  000412       7AA       0  CODE        2
                text11                         000412  000063  000475       824       0  CODE        2
                text8                          00032E  000013  000341       65C       0  CODE        2
                idataBANK0                     00032A  000004  00032E       654       0  CODE        2
                text7                          000341  000013  000354       682       0  CODE        2
                maintext                       000475  000098  00050D       8EA       0  CODE        2
                cstackBANK0                    000020  00001A  00003A        20       1  BANK0       1
                cinit                          0007F2  00000E  000800       FE4       0  CODE        2
                cstackCOMMON                   000070  00000E  00007E        70       1  COMMON      1
                text9                          0005C9  0000F9  0006C2       B92       0  CODE        2
                text1                          00050D  0000BC  0005C9       A1A       0  CODE        2
                text5                          0006C2  000130  0007F2       D84       0  CODE        2


UNUSED ADDRESS RANGES

        Name                Unused          Largest block    Delta
        BANK0            003A-006F             36           1
        BANK1            00A0-00EF             50           1
        BANK2            0120-014F             30           1
        CODE             0001-0329            329           2
        CONST            0001-0329            100           2
        EEDATA           2100-217F             80           2
        ENTRY            0001-0329            100           2
        RAM              003A-006F             36           1
                         00A0-00EF             50
                         0120-014F             30
        SFR0             0000-001F             20           1
        SFR1             0080-009F             20           1
        SFR2             0100-011F             20           1
        SFR3             0180-01EF             70           1
        STRCODE          0001-0329            329           2
        STRING           0001-0329            100           2

                                  Symbol Table

?___awdiv                   cstackCOMMON 0076
?___wmul                    cstackCOMMON 0070
?_get_temp                  cstackBANK0  0020
RX@d                        cstackCOMMON 0071
RX@i                        cstackCOMMON 0072
TX@cmd                      cstackCOMMON 0071
TX@control0                 cstackCOMMON 0074
TX@i                        cstackCOMMON 0073
TX@temp                     cstackCOMMON 0072
_CMCON                      (abs)        001F
_PORTA                      (abs)        0005
_RA0                        (abs)        0028
_RA4                        (abs)        002C
_RA6                        (abs)        002E
_RA7                        (abs)        002F
_RB0                        (abs)        0030
_RB1                        (abs)        0031
_RB2                        (abs)        0032
_RB3                        (abs)        0033
_RB4                        (abs)        0034
_RB5                        (abs)        0035
_RB6                        (abs)        0036
_RB7                        (abs)        0037
_RX                         text4        03AC
_TRISA                      (abs)        0085
_TRISA0                     (abs)        0428
_TRISB                      (abs)        0086
_TX                         text3        03D5
__H__absolute__             __absolute__ 0000
__Habs1                     abs1         0000
__Hbank0                    bank0        0000
__Hbank1                    bank1        0000
__Hbank2                    bank2        0000
__Hbank3                    bank3        0000
__HbssBANK0                 bssBANK0     0000
__Hcinit                    cinit        0800
__Hclrtext                  clrtext      0000
__Hcode                     code         0000
__Hcommon                   common       0000
__Hconfig                   config       2008
__HcstackBANK0              cstackBANK0  0000
__HcstackCOMMON             cstackCOMMON 0000
__HdataBANK0                dataBANK0    0000
__Heeprom_data              eeprom_data  0000
__Hend_init                 end_init     0001
__Hfunctab                  functab      0000
__Hheap                     heap         0000
__HidataBANK0               idataBANK0   0000
__Hidloc                    idloc        2004
__Hinit                     init         0000
__Hintentry                 intentry     0000
__Hmaintext                 maintext     0000
__Hpowerup                  powerup      0000
__Hram                      ram          0000
__Hreset_vec                reset_vec    0000
__Hsfr0                     sfr0         0000
__Hsfr1                     sfr1         0000
__Hsfr2                     sfr2         0000
__Hsfr3                     sfr3         0000
__Hsivt                     sivt         0000
__Hspace_0                  (abs)        0800
__Hspace_1                  (abs)        007E
__Hspace_2                  (abs)        0000
__Hspace_3                  (abs)        0000
__Hspace_4                  (abs)        400F
__Hstack                    stack        0000
__Hstrings                  strings      0000
__Htext                     text         0000
__L__absolute__             __absolute__ 0000
__Labs1                     abs1         0000
__Lbank0                    bank0        0000
__Lbank1                    bank1        0000
__Lbank2                    bank2        0000
__Lbank3                    bank3        0000
__LbssBANK0                 bssBANK0     0000
__Lcinit                    cinit        07F2
__Lclrtext                  clrtext      0000
__Lcode                     code         0000
__Lcommon                   common       0000
__Lconfig                   config       0000
__LcstackBANK0              cstackBANK0  0000
__LcstackCOMMON             cstackCOMMON 0000
__LdataBANK0                dataBANK0    0000
__Leeprom_data              eeprom_data  0000
__Lend_init                 end_init     0000
__Lfunctab                  functab      0000
__Lheap                     heap         0000
__LidataBANK0               idataBANK0   0000
__Lidloc                    idloc        0000
__Linit                     init         0000
__Lintentry                 intentry     0000
__Lmaintext                 maintext     0000
__Lpowerup                  powerup      0000
__Lram                      ram          0000
__Lreset_vec                reset_vec    0000
__Lsfr0                     sfr0         0000
__Lsfr1                     sfr1         0000
__Lsfr2                     sfr2         0000
__Lsfr3                     sfr3         0000
__Lsivt                     sivt         0000
__Lspace_0                  (abs)        0000
__Lspace_1                  (abs)        0000
__Lspace_2                  (abs)        0000
__Lspace_3                  (abs)        0000
__Lspace_4                  (abs)        0000
__Lstack                    stack        0000
__Lstrings                  strings      0000
__Ltext                     text         0000
__S0                        (abs)        0800
__S1                        (abs)        007E
__S3                        (abs)        0000
___awdiv                    text11       0412
___awdiv@counter            cstackCOMMON 007A
___awdiv@dividend           cstackCOMMON 0078
___awdiv@divisor            cstackCOMMON 0076
___awdiv@quotient           cstackCOMMON 007C
___awdiv@sign               cstackCOMMON 007B
___heap_hi                  (abs)        0000
___heap_lo                  (abs)        0000
___int_sp                   stack        0000
___int_stack_hi             stack        0000
___int_stack_lo             stack        0000
___latbits                  (abs)        0000
___sp                       stack        0000
___stack_hi                 stack        0000
___stack_lo                 stack        0000
___stackhi                  (abs)        0000
___stacklo                  (abs)        0000
___wmul                     text10       0387
___wmul@multiplicand        cstackCOMMON 0072
___wmul@multiplier          cstackCOMMON 0070
___wmul@product             cstackCOMMON 0074
__end_of_RX                 text4        03D5
__end_of_TX                 text3        0412
__end_of___awdiv            text11       0475
__end_of___wmul             text10       03AC
__end_of__initialization    cinit        07FE
__end_of_convert_to_segment text9        06C2
__end_of_draw_to_LED        text5        07F2
__end_of_get_temp           text1        05C9
__end_of_init_ds            text2        0387
__end_of_main               maintext     050D
__end_of_show_LED1          text8        0341
__end_of_show_LED2          text7        0354
__end_of_show_LED3          text6        0367
__initialization            cinit        07F2
__pbssBANK0                 bssBANK0     0032
__pcstackBANK0              cstackBANK0  0020
__pcstackCOMMON             cstackCOMMON 0070
__pdataBANK0                dataBANK0    0036
__pidataBANK0               idataBANK0   032A
__pmaintext                 maintext     0475
__ptext1                    text1        050D
__ptext10                   text10       0387
__ptext11                   text11       0412
__ptext2                    text2        0367
__ptext3                    text3        03D5
__ptext4                    text4        03AC
__ptext5                    text5        06C2
__ptext6                    text6        0354
__ptext7                    text7        0341
__ptext8                    text8        032E
__ptext9                    text9        05C9
_convert_to_segment         text9        05C9
_counter                    bssBANK0     0032
_draw_to_LED                text5        06C2
_get_temp                   text1        050D
_init                       bssBANK0     0034
_init_ds                    text2        0367
_main                       maintext     0475
_nosensor                   bssBANK0     0035
_show_LED1                  text8        032E
_show_LED2                  text7        0341
_show_LED3                  text6        0354
_start_delay                dataBANK0    0036
_temp                       dataBANK0    0038
btemp                       (abs)        007E
convert_to_segment@value    cstackCOMMON 0070
draw_to_LED@d               cstackBANK0  0026
draw_to_LED@d_143           cstackBANK0  0024
draw_to_LED@i               cstackBANK0  0020
end_of_initialization       cinit        07FE
get_temp@signloc            cstackBANK0  002E
get_temp@temp1              cstackBANK0  0030
get_temp@temp2              cstackBANK0  0031
get_temp@temp_drob          cstackBANK0  002F
get_temp@temperature        cstackBANK0  002C
init_ds@b                   cstackCOMMON 0071
intlevel0                   functab      0000
intlevel1                   functab      0000
intlevel2                   functab      0000
intlevel3                   functab      0000
intlevel4                   functab      0000
intlevel5                   functab      0000
reset_vec                   reset_vec    0000
show_LED1@c                 cstackCOMMON 0073
show_LED2@c                 cstackCOMMON 0073
show_LED3@c                 cstackCOMMON 0073
start                       init         0000
start_initialization        cinit        07F2
wtemp0                      (abs)        007E


MODULE INFORMATION

Module		Function		Class		Link	Load	Size
/opt/microchip/xc8/v2.50/pic/sources/c99/common/Umul16.c
		___wmul        		CODE           	0387	0000	37

/opt/microchip/xc8/v2.50/pic/sources/c99/common/Umul16.c estimated size: 37

onewire.c
		_get_temp      		CODE           	050D	0000	188
		_RX            		CODE           	03AC	0000	41
		_TX            		CODE           	03D5	0000	61
		_init_ds       		CODE           	0367	0000	32

onewire.c estimated size: 322

shared
		__initialization		CODE           	07F2	0000	12

shared estimated size: 12

7-segment-x-3.c
		_show_LED1     		CODE           	032E	0000	19
		_show_LED2     		CODE           	0341	0000	19
		_show_LED3     		CODE           	0354	0000	19
		_convert_to_segment		CODE           	05C9	0000	249
		_draw_to_LED   		CODE           	06C2	0000	304

7-segment-x-3.c estimated size: 610

main.c
		_main          		CODE           	0475	0000	152

main.c estimated size: 152

/opt/microchip/xc8/v2.50/pic/sources/c99/common/awdiv.c
		___awdiv       		CODE           	0412	0000	99

/opt/microchip/xc8/v2.50/pic/sources/c99/common/awdiv.c estimated size: 99

