Microchip MPLAB XC8 Compiler V2.10 ()

Linker command line:

-W-3 --edf=/opt/microchip/xc8/v2.10/pic/dat/en_msgs.txt -cs \
  -h+dist/pic16F648a/production/thermometer_DS18B20x4_7SEG.X.production.sym \
  --cmf=dist/pic16F648a/production/thermometer_DS18B20x4_7SEG.X.production.cmf \
  -z -Q16F648A -o/tmp/xcXtvj55J --defsym=__MPLAB_BUILD=1 \
  -Mdist/pic16F648a/production/thermometer_DS18B20x4_7SEG.X.production.map \
  -E1 -ver=XC8 --acfsm=1493 -ASTACK=0A0h-0EFh -pstack=STACK \
  -ACODE=00h-07FFhx2 -ASTRCODE=00h-0FFFh -ASTRING=00h-0FFhx16 \
  -ACONST=00h-0FFhx16 -AENTRY=00h-0FFhx16 -ACOMMON=070h-07Fh \
  -ABANK0=020h-06Fh -ABANK1=0A0h-0EFh -ABANK2=0120h-016Fh \
  -ARAM=020h-06Fh,0A0h-0EFh,0120h-016Fh \
  -AABS1=020h-07Fh,0A0h-0EFh,0120h-016Fh -ASFR0=00h-01Fh -ASFR1=080h-09Fh \
  -ASFR2=0100h-011Fh -ASFR3=0180h-01EFh \
  -preset_vec=00h,intentry,init,end_init -ppowerup=CODE -pcinit=CODE \
  -pfunctab=ENTRY -ACONFIG=02007h-02007h -pconfig=CONFIG -DCONFIG=2 \
  -AIDLOC=02000h-02003h -pidloc=IDLOC -DIDLOC=2 -AEEDATA=00h-0FFh/02100h \
  -peeprom_data=EEDATA -DEEDATA=2 -DCODE=2 -DSTRCODE=2 -DSTRING=2 -DCONST=2 \
  -DENTRY=2 -k /tmp/xcXwGsjKC.o \
  dist/pic16F648a/production/thermometer_DS18B20x4_7SEG.X.production.o 

Object code version is 3.11

Machine type is 16F648A



                Name                               Link     Load   Length Selector   Space Scale
/tmp/xcXwGsjKC.o
                end_init                              0        0        2        0       0
                config                             2007     2007        1     400E       0
dist/pic16F648a/production/thermometer_DS18B20x4_7SEG.X.production.o
                cinit                               7F2      7F2        E      FE4       0
                text12                              2D4      2D4       1B      5A8       0
                text11                              3B4      3B4       69      768       0
                text10                              2EF      2EF       25      5DE       0
                text9                               594      594      101      B28       0
                text8                               295      295       15      52A       0
                text7                               2AA      2AA       15      554       0
                text6                               2BF      2BF       15      57E       0
                text5                               695      695      15D      D2A       0
                text4                               33A      33A       2B      674       0
                text3                               365      365       4F      6CA       0
                text2                               314      314       26      628       0
                text1                               4B7      4B7       DD      96E       0
                maintext                            41D      41D       9A      83A       0
                cstackBANK0                          20       20       16       20       1
                cstackCOMMON                         70       70        E       70       1
                dataBANK0                            39       39        2       20       1
                bssBANK0                             36       36        3       20       1
                nvBANK0                              3B       3B        1       20       1
                idataBANK0                          293      293        2      526       0

TOTAL           Name                               Link     Load   Length     Space
        CLASS   STACK          

        CLASS   CODE           
                end_init                              0        0        2         0
                cinit                               7F2      7F2        E         0
                text12                              2D4      2D4       1B         0
                text11                              3B4      3B4       69         0
                text10                              2EF      2EF       25         0
                text9                               594      594      101         0
                text8                               295      295       15         0
                text7                               2AA      2AA       15         0
                text6                               2BF      2BF       15         0
                text5                               695      695      15D         0
                text4                               33A      33A       2B         0
                text3                               365      365       4F         0
                text2                               314      314       26         0
                text1                               4B7      4B7       DD         0
                maintext                            41D      41D       9A         0
                idataBANK0                          293      293        2         0

        CLASS   STRCODE        

        CLASS   STRING         

        CLASS   CONST          

        CLASS   ENTRY          

        CLASS   COMMON         
                cstackCOMMON                         70       70        E         1

        CLASS   BANK0          
                cstackBANK0                          20       20       16         1
                dataBANK0                            39       39        2         1
                bssBANK0                             36       36        3         1
                nvBANK0                              3B       3B        1         1

        CLASS   BANK1          

        CLASS   BANK2          

        CLASS   RAM            

        CLASS   ABS1           
                abs_s1                               7E       7E        2         1

        CLASS   SFR0           

        CLASS   SFR1           

        CLASS   SFR2           

        CLASS   SFR3           

        CLASS   CONFIG         
                config                             2007     2007        1         0

        CLASS   IDLOC          

        CLASS   EEDATA         

        CLASS   BANK3          



SEGMENTS        Name                           Load    Length   Top    Selector   Space  Class     Delta

                reset_vec                      000000  000002  000002         0       0  CODE        2
                cstackBANK0                    000020  00001C  00003C        20       1  BANK0       1
                cstackCOMMON                   000070  00000E  00007E        70       1  COMMON      1
                idataBANK0                     000293  000002  000295       526       0  CODE        2
                text8                          000295  000015  0002AA       52A       0  CODE        2
                text7                          0002AA  000015  0002BF       554       0  CODE        2
                text6                          0002BF  000015  0002D4       57E       0  CODE        2
                text12                         0002D4  00001B  0002EF       5A8       0  CODE        2
                text10                         0002EF  000025  000314       5DE       0  CODE        2
                text2                          000314  000026  00033A       628       0  CODE        2
                text4                          00033A  00002B  000365       674       0  CODE        2
                text3                          000365  00004F  0003B4       6CA       0  CODE        2
                text11                         0003B4  000069  00041D       768       0  CODE        2
                maintext                       00041D  00009A  0004B7       83A       0  CODE        2
                text1                          0004B7  0000DD  000594       96E       0  CODE        2
                text9                          000594  000101  000695       B28       0  CODE        2
                text5                          000695  00015D  0007F2       D2A       0  CODE        2
                cinit                          0007F2  00000E  000800       FE4       0  CODE        2
                config                         002007  000001  002008      400E       0  CONFIG      2


UNUSED ADDRESS RANGES

        Name                Unused          Largest block    Delta
        BANK0            003C-006F             34           1
        BANK1            00A0-00EF             50           1
        BANK2            0120-016F             50           1
        CODE             0002-0292            291           2
                         0800-0FFF            800
        CONST            0002-0292            100           2
                         0800-0FFF            100
        EEDATA           2100-21FF            100           2
        ENTRY            0002-0292            100           2
                         0800-0FFF            100
        IDLOC            2000-2003              4           2
        RAM              003C-006F             34           1
                         00A0-00EF             50
                         0120-016F             50
        SFR0             0000-001F             20           1
        SFR1             0080-009F             20           1
        SFR2             0100-011F             20           1
        SFR3             0180-01EF             70           1
        STACK            00A0-00EF             50           1
        STRCODE          0002-0292            291           2
                         0800-0FFF            800
        STRING           0002-0292            100           2
                         0800-0FFF            100

                                  Symbol Table

?___awdiv                    cstackCOMMON 0076
?___wmul                     cstackCOMMON 0070
?_get_temp                   cstackBANK0  0024
RX@d                         cstackCOMMON 0071
RX@i                         cstackCOMMON 0072
TX@cmd                       cstackCOMMON 0071
TX@control0                  cstackCOMMON 0074
TX@i                         cstackCOMMON 0073
TX@temp                      cstackCOMMON 0072
_CMCON                       (abs)        001F
_PORTA                       (abs)        0005
_RA0                         (abs)        0028
_RA4                         (abs)        002C
_RA6                         (abs)        002E
_RA7                         (abs)        002F
_RB0                         (abs)        0030
_RB1                         (abs)        0031
_RB2                         (abs)        0032
_RB3                         (abs)        0033
_RB4                         (abs)        0034
_RB5                         (abs)        0035
_RB6                         (abs)        0036
_RB7                         (abs)        0037
_RX                          text4        033A
_TRISA                       (abs)        0085
_TRISA0                      (abs)        0428
_TRISB                       (abs)        0086
_TX                          text3        0365
__CFG_BOREN$OFF              (abs)        0000
__CFG_CP$OFF                 (abs)        0000
__CFG_CPD$OFF                (abs)        0000
__CFG_FOSC$INTOSCIO          (abs)        0000
__CFG_LVP$OFF                (abs)        0000
__CFG_MCLRE$OFF              (abs)        0000
__CFG_PWRTE$OFF              (abs)        0000
__CFG_WDTE$OFF               (abs)        0000
__Habs1                      abs1         0000
__Hbank0                     bank0        0000
__Hbank1                     bank1        0000
__Hbank2                     bank2        0000
__Hbank3                     bank3        0000
__HbssBANK0                  bssBANK0     0000
__Hcinit                     cinit        0800
__Hclrtext                   clrtext      0000
__Hcode                      code         0000
__Hcommon                    common       0000
__Hconfig                    config       2008
__HcstackBANK0               cstackBANK0  0000
__HcstackCOMMON              cstackCOMMON 0000
__HdataBANK0                 dataBANK0    0000
__Heeprom_data               eeprom_data  0000
__Hend_init                  end_init     0002
__Hfunctab                   functab      0000
__HidataBANK0                idataBANK0   0000
__Hidloc                     idloc        0000
__Hinit                      init         0000
__Hintentry                  intentry     0000
__Hmaintext                  maintext     0000
__HnvBANK0                   nvBANK0      0000
__Hpowerup                   powerup      0000
__Hram                       ram          0000
__Hreset_vec                 reset_vec    0000
__Hsfr0                      sfr0         0000
__Hsfr1                      sfr1         0000
__Hsfr2                      sfr2         0000
__Hsfr3                      sfr3         0000
__Hspace_0                   (abs)        2008
__Hspace_1                   (abs)        007E
__Hspace_2                   (abs)        0000
__Hspace_3                   (abs)        0000
__Hstack                     stack        0000
__Hstrings                   strings      0000
__Htext                      text         0000
__Labs1                      abs1         0000
__Lbank0                     bank0        0000
__Lbank1                     bank1        0000
__Lbank2                     bank2        0000
__Lbank3                     bank3        0000
__LbssBANK0                  bssBANK0     0000
__Lcinit                     cinit        07F2
__Lclrtext                   clrtext      0000
__Lcode                      code         0000
__Lcommon                    common       0000
__Lconfig                    config       2007
__LcstackBANK0               cstackBANK0  0000
__LcstackCOMMON              cstackCOMMON 0000
__LdataBANK0                 dataBANK0    0000
__Leeprom_data               eeprom_data  0000
__Lend_init                  end_init     0000
__Lfunctab                   functab      0000
__LidataBANK0                idataBANK0   0000
__Lidloc                     idloc        0000
__Linit                      init         0000
__Lintentry                  intentry     0000
__Lmaintext                  maintext     0000
__LnvBANK0                   nvBANK0      0000
__Lpowerup                   powerup      0000
__Lram                       ram          0000
__Lreset_vec                 reset_vec    0000
__Lsfr0                      sfr0         0000
__Lsfr1                      sfr1         0000
__Lsfr2                      sfr2         0000
__Lsfr3                      sfr3         0000
__Lspace_0                   (abs)        0000
__Lspace_1                   (abs)        0000
__Lspace_2                   (abs)        0000
__Lspace_3                   (abs)        0000
__Lstack                     stack        0000
__Lstrings                   strings      0000
__Ltext                      text         0000
__S0                         (abs)        2008
__S1                         (abs)        007E
__S2                         (abs)        0000
__S3                         (abs)        0000
___awdiv                     text11       03B4
___awdiv@counter             cstackBANK0  0020
___awdiv@dividend            cstackCOMMON 0078
___awdiv@divisor             cstackCOMMON 0076
___awdiv@quotient            cstackBANK0  0022
___awdiv@sign                cstackBANK0  0021
___int_sp                    stack        0000
___latbits                   (abs)        0001
___sp                        stack        0000
___stackhi                   (abs)        0000
___stacklo                   (abs)        0000
___wmul                      text10       02EF
___wmul@multiplicand         cstackCOMMON 0072
___wmul@multiplier           cstackCOMMON 0070
___wmul@product              cstackCOMMON 0074
__end_of_RX                  text4        0365
__end_of_TX                  text3        03B4
__end_of___awdiv             text11       041D
__end_of___wmul              text10       0314
__end_of__initialization     cinit        07FD
__end_of_convert_to_segment  text9        0695
__end_of_draw_empty          text12       02EF
__end_of_draw_to_LED         text5        07F2
__end_of_get_temp            text1        0594
__end_of_init_ds             text2        033A
__end_of_main                maintext     04B7
__end_of_show_LED1           text8        02AA
__end_of_show_LED2           text7        02BF
__end_of_show_LED3           text6        02D4
__initialization             cinit        07F2
__pbssBANK0                  bssBANK0     0036
__pcstackBANK0               cstackBANK0  0020
__pcstackCOMMON              cstackCOMMON 0070
__pdataBANK0                 dataBANK0    0039
__pidataBANK0                idataBANK0   0293
__pmaintext                  maintext     041D
__pnvBANK0                   nvBANK0      003B
__ptext1                     text1        04B7
__ptext10                    text10       02EF
__ptext11                    text11       03B4
__ptext12                    text12       02D4
__ptext2                     text2        0314
__ptext3                     text3        0365
__ptext4                     text4        033A
__ptext5                     text5        0695
__ptext6                     text6        02BF
__ptext7                     text7        02AA
__ptext8                     text8        0295
__ptext9                     text9        0594
__size_of_RX                 (abs)        0000
__size_of_TX                 (abs)        0000
__size_of___awdiv            (abs)        0000
__size_of___wmul             (abs)        0000
__size_of_convert_to_segment (abs)        0000
__size_of_draw_empty         (abs)        0000
__size_of_draw_to_LED        (abs)        0000
__size_of_get_temp           (abs)        0000
__size_of_init_ds            (abs)        0000
__size_of_main               (abs)        0000
__size_of_show_LED1          (abs)        0000
__size_of_show_LED2          (abs)        0000
__size_of_show_LED3          (abs)        0000
_convert_to_segment          text9        0594
_counter                     bssBANK0     0036
_draw_empty                  text12       02D4
_draw_to_LED                 text5        0695
_get_temp                    text1        04B7
_init                        nvBANK0      003B
_init_ds                     text2        0314
_main                        maintext     041D
_nosensor                    bssBANK0     0038
_show_LED1                   text8        0295
_show_LED2                   text7        02AA
_show_LED3                   text6        02BF
_temp                        dataBANK0    0039
btemp                        (abs)        007E
convert_to_segment@value     cstackCOMMON 0072
draw_to_LED@d                cstackBANK0  0028
draw_to_LED@d_135            cstackBANK0  0026
draw_to_LED@i                cstackBANK0  0024
end_of_initialization        cinit        07FD
get_temp@signloc             cstackBANK0  0032
get_temp@temp1               cstackBANK0  0034
get_temp@temp2               cstackBANK0  0035
get_temp@temp_drob           cstackBANK0  0033
get_temp@temperature         cstackBANK0  0030
init_ds@b                    cstackCOMMON 0071
intlevel0                    functab      0000
intlevel1                    functab      0000
intlevel2                    functab      0000
intlevel3                    functab      0000
intlevel4                    functab      0000
intlevel5                    functab      0000
reset_vec                    reset_vec    0000
show_LED1@c                  cstackCOMMON 0075
show_LED2@c                  cstackCOMMON 0075
show_LED3@c                  cstackCOMMON 0075
start                        init         0000
start_initialization         cinit        07F2
wtemp0                       (abs)        007E


FUNCTION INFORMATION:

 *************** function _main *****************
 Defined at:
		line 32 in file "main.c"
 Parameters:    Size  Location     Type
		None
 Auto vars:     Size  Location     Type
		None
 Return value:  Size  Location     Type
                  1    wreg      void 
 Registers used:
		wreg, fsr0l, fsr0h, status,2, status,0, btemp+1, pclath, cstack
 Tracked objects:
		On entry : 
		On exit  : 
		Unchanged: 
 Data sizes:     COMMON   BANK0   BANK1   BANK2
      Params:         0       0       0       0
      Locals:         0       0       0       0
      Temps:          1       0       0       0
      Totals:         1       0       0       0
Total ram usage:        1 bytes
 Hardware stack levels required when called:    3
 This function calls:
		_TX
		_draw_empty
		_draw_to_LED
		_get_temp
		_init_ds
		_show_LED1
		_show_LED2
		_show_LED3
 This function is called by:
		Startup code after reset
 This function uses a non-reentrant model


 *************** function _get_temp *****************
 Defined at:
		line 64 in file "onewire.c"
 Parameters:    Size  Location     Type
		None
 Auto vars:     Size  Location     Type
  temperature     2   16[BANK0 ] int 
  temp2           1   21[BANK0 ] unsigned char 
  temp1           1   20[BANK0 ] unsigned char 
  temp_drob       1   19[BANK0 ] unsigned char 
  signloc         1   18[BANK0 ] unsigned char 
 Return value:  Size  Location     Type
                  2    4[BANK0 ] int 
 Registers used:
		wreg, status,2, status,0, pclath, cstack
 Tracked objects:
		On entry : 
		On exit  : 
		Unchanged: 
 Data sizes:     COMMON   BANK0   BANK1   BANK2
      Params:         0       2       0       0
      Locals:         0       6       0       0
      Temps:          0      10       0       0
      Totals:         0      18       0       0
Total ram usage:       18 bytes
 Hardware stack levels used:    1
 Hardware stack levels required when called:    1
 This function calls:
		_RX
		_TX
		___awdiv
		___wmul
		_init_ds
 This function is called by:
		_main
 This function uses a non-reentrant model


 *************** function _init_ds *****************
 Defined at:
		line 10 in file "onewire.c"
 Parameters:    Size  Location     Type
		None
 Auto vars:     Size  Location     Type
  control0        1    0        unsigned char 
  b               1    1[COMMON] unsigned char 
 Return value:  Size  Location     Type
                  1    wreg      unsigned char 
 Registers used:
		wreg, status,2, status,0
 Tracked objects:
		On entry : 
		On exit  : 
		Unchanged: 
 Data sizes:     COMMON   BANK0   BANK1   BANK2
      Params:         0       0       0       0
      Locals:         2       0       0       0
      Temps:          1       0       0       0
      Totals:         3       0       0       0
Total ram usage:        3 bytes
 Hardware stack levels used:    1
 This function calls:
		Nothing
 This function is called by:
		_main
		_get_temp
 This function uses a non-reentrant model


 *************** function _TX *****************
 Defined at:
		line 24 in file "onewire.c"
 Parameters:    Size  Location     Type
  cmd             1    wreg     unsigned char 
 Auto vars:     Size  Location     Type
  cmd             1    1[COMMON] unsigned char 
  control0        1    4[COMMON] unsigned char 
  i               1    3[COMMON] unsigned char 
  temp            1    2[COMMON] unsigned char 
 Return value:  Size  Location     Type
                  1    wreg      void 
 Registers used:
		wreg, status,2, status,0
 Tracked objects:
		On entry : 
		On exit  : 
		Unchanged: 
 Data sizes:     COMMON   BANK0   BANK1   BANK2
      Params:         0       0       0       0
      Locals:         4       0       0       0
      Temps:          1       0       0       0
      Totals:         5       0       0       0
Total ram usage:        5 bytes
 Hardware stack levels used:    1
 This function calls:
		Nothing
 This function is called by:
		_main
		_get_temp
 This function uses a non-reentrant model


 *************** function _RX *****************
 Defined at:
		line 48 in file "onewire.c"
 Parameters:    Size  Location     Type
		None
 Auto vars:     Size  Location     Type
  i               1    2[COMMON] unsigned char 
  d               1    1[COMMON] unsigned char 
 Return value:  Size  Location     Type
                  1    wreg      unsigned char 
 Registers used:
		wreg, status,2, status,0
 Tracked objects:
		On entry : 
		On exit  : 
		Unchanged: 
 Data sizes:     COMMON   BANK0   BANK1   BANK2
      Params:         0       0       0       0
      Locals:         2       0       0       0
      Temps:          1       0       0       0
      Totals:         3       0       0       0
Total ram usage:        3 bytes
 Hardware stack levels used:    1
 This function calls:
		Nothing
 This function is called by:
		_get_temp
 This function uses a non-reentrant model


 *************** function _draw_to_LED *****************
 Defined at:
		line 245 in file "7-segment-x-3.c"
 Parameters:    Size  Location     Type
  i               2    4[BANK0 ] int 
 Auto vars:     Size  Location     Type
  d               2    6[BANK0 ] int 
  d               2    8[BANK0 ] int 
 Return value:  Size  Location     Type
                  1    wreg      void 
 Registers used:
		wreg, fsr0l, fsr0h, status,2, status,0, btemp+1, pclath, cstack
 Tracked objects:
		On entry : 
		On exit  : 
		Unchanged: 
 Data sizes:     COMMON   BANK0   BANK1   BANK2
      Params:         0       2       0       0
      Locals:         0       4       0       0
      Temps:          2       0       0       0
      Totals:         2       6       0       0
Total ram usage:        8 bytes
 Hardware stack levels used:    1
 Hardware stack levels required when called:    2
 This function calls:
		___awdiv
		___wmul
		_show_LED1
		_show_LED2
		_show_LED3
 This function is called by:
		_main
 This function uses a non-reentrant model


 *************** function _show_LED3 *****************
 Defined at:
		line 194 in file "7-segment-x-3.c"
 Parameters:    Size  Location     Type
  c               1    wreg     unsigned char 
 Auto vars:     Size  Location     Type
  c               1    5[COMMON] unsigned char 
 Return value:  Size  Location     Type
                  1    wreg      void 
 Registers used:
		wreg, fsr0l, fsr0h, status,2, status,0, pclath, cstack
 Tracked objects:
		On entry : 
		On exit  : 
		Unchanged: 
 Data sizes:     COMMON   BANK0   BANK1   BANK2
      Params:         0       0       0       0
      Locals:         1       0       0       0
      Temps:          2       0       0       0
      Totals:         3       0       0       0
Total ram usage:        3 bytes
 Hardware stack levels used:    1
 Hardware stack levels required when called:    1
 This function calls:
		_convert_to_segment
 This function is called by:
		_main
		_draw_to_LED
		_draw_add
		_draw_temp
		_draw_needed_amount
		_draw_minus
		_draw_to
		_draw_hot
 This function uses a non-reentrant model


 *************** function _show_LED2 *****************
 Defined at:
		line 187 in file "7-segment-x-3.c"
 Parameters:    Size  Location     Type
  c               1    wreg     unsigned char 
 Auto vars:     Size  Location     Type
  c               1    5[COMMON] unsigned char 
 Return value:  Size  Location     Type
                  1    wreg      void 
 Registers used:
		wreg, fsr0l, fsr0h, status,2, status,0, pclath, cstack
 Tracked objects:
		On entry : 
		On exit  : 
		Unchanged: 
 Data sizes:     COMMON   BANK0   BANK1   BANK2
      Params:         0       0       0       0
      Locals:         1       0       0       0
      Temps:          2       0       0       0
      Totals:         3       0       0       0
Total ram usage:        3 bytes
 Hardware stack levels used:    1
 Hardware stack levels required when called:    1
 This function calls:
		_convert_to_segment
 This function is called by:
		_main
		_draw_to_LED
		_draw_add
		_draw_temp
		_draw_needed_amount
		_draw_minus
		_draw_to
		_draw_hot
 This function uses a non-reentrant model


 *************** function _show_LED1 *****************
 Defined at:
		line 180 in file "7-segment-x-3.c"
 Parameters:    Size  Location     Type
  c               1    wreg     unsigned char 
 Auto vars:     Size  Location     Type
  c               1    5[COMMON] unsigned char 
 Return value:  Size  Location     Type
                  1    wreg      void 
 Registers used:
		wreg, fsr0l, fsr0h, status,2, status,0, pclath, cstack
 Tracked objects:
		On entry : 
		On exit  : 
		Unchanged: 
 Data sizes:     COMMON   BANK0   BANK1   BANK2
      Params:         0       0       0       0
      Locals:         1       0       0       0
      Temps:          2       0       0       0
      Totals:         3       0       0       0
Total ram usage:        3 bytes
 Hardware stack levels used:    1
 Hardware stack levels required when called:    1
 This function calls:
		_convert_to_segment
 This function is called by:
		_main
		_draw_to_LED
		_draw_add
		_draw_temp
		_draw_needed_amount
		_draw_minus
		_draw_to
		_draw_hot
 This function uses a non-reentrant model


 *************** function _convert_to_segment *****************
 Defined at:
		line 4 in file "7-segment-x-3.c"
 Parameters:    Size  Location     Type
  value           1    wreg     unsigned char 
 Auto vars:     Size  Location     Type
  value           1    2[COMMON] unsigned char 
 Return value:  Size  Location     Type
                  1    wreg      void 
 Registers used:
		wreg, fsr0l, fsr0h, status,2, status,0
 Tracked objects:
		On entry : 
		On exit  : 
		Unchanged: 
 Data sizes:     COMMON   BANK0   BANK1   BANK2
      Params:         0       0       0       0
      Locals:         1       0       0       0
      Temps:          2       0       0       0
      Totals:         3       0       0       0
Total ram usage:        3 bytes
 Hardware stack levels used:    1
 This function calls:
		Nothing
 This function is called by:
		_show_LED1
		_show_LED2
		_show_LED3
 This function uses a non-reentrant model


 *************** function ___wmul *****************
 Defined at:
		line 15 in file "/opt/microchip/xc8/v2.10/pic/sources/c90/common/Umul16.c"
 Parameters:    Size  Location     Type
  multiplier      2    0[COMMON] unsigned int 
  multiplicand    2    2[COMMON] unsigned int 
 Auto vars:     Size  Location     Type
  product         2    4[COMMON] unsigned int 
 Return value:  Size  Location     Type
                  2    0[COMMON] unsigned int 
 Registers used:
		wreg, status,2, status,0
 Tracked objects:
		On entry : 
		On exit  : 
		Unchanged: 
 Data sizes:     COMMON   BANK0   BANK1   BANK2
      Params:         4       0       0       0
      Locals:         2       0       0       0
      Temps:          0       0       0       0
      Totals:         6       0       0       0
Total ram usage:        6 bytes
 Hardware stack levels used:    1
 This function calls:
		Nothing
 This function is called by:
		_get_temp
		_draw_to_LED
 This function uses a non-reentrant model


 *************** function ___awdiv *****************
 Defined at:
		line 5 in file "/opt/microchip/xc8/v2.10/pic/sources/c90/common/awdiv.c"
 Parameters:    Size  Location     Type
  divisor         2    6[COMMON] int 
  dividend        2    8[COMMON] int 
 Auto vars:     Size  Location     Type
  quotient        2    2[BANK0 ] int 
  sign            1    1[BANK0 ] unsigned char 
  counter         1    0[BANK0 ] unsigned char 
 Return value:  Size  Location     Type
                  2    6[COMMON] int 
 Registers used:
		wreg, status,2, status,0
 Tracked objects:
		On entry : 
		On exit  : 
		Unchanged: 
 Data sizes:     COMMON   BANK0   BANK1   BANK2
      Params:         4       0       0       0
      Locals:         0       4       0       0
      Temps:          1       0       0       0
      Totals:         5       4       0       0
Total ram usage:        9 bytes
 Hardware stack levels used:    1
 This function calls:
		Nothing
 This function is called by:
		_get_temp
		_draw_to_LED
		_draw_temp
 This function uses a non-reentrant model


 *************** function _draw_empty *****************
 Defined at:
		line 315 in file "7-segment-x-3.c"
 Parameters:    Size  Location     Type
		None
 Auto vars:     Size  Location     Type
		None
 Return value:  Size  Location     Type
                  1    wreg      void 
 Registers used:
		wreg
 Tracked objects:
		On entry : 
		On exit  : 
		Unchanged: 
 Data sizes:     COMMON   BANK0   BANK1   BANK2
      Params:         0       0       0       0
      Locals:         0       0       0       0
      Temps:          2       0       0       0
      Totals:         2       0       0       0
Total ram usage:        2 bytes
 Hardware stack levels used:    1
 This function calls:
		Nothing
 This function is called by:
		_main
 This function uses a non-reentrant model



MODULE INFORMATION

Module		Function		Class		Link	Load	Size
/opt/microchip/xc8/v2.10/pic/sources/c90/common/Umul16.c
		___wmul        		CODE           	02EF	0000	38

/opt/microchip/xc8/v2.10/pic/sources/c90/common/Umul16.c estimated size: 38

/opt/microchip/xc8/v2.10/pic/sources/c90/common/awdiv.c
		___awdiv       		CODE           	03B4	0000	106

/opt/microchip/xc8/v2.10/pic/sources/c90/common/awdiv.c estimated size: 106

onewire.c
		_get_temp      		CODE           	04B7	0000	222
		_RX            		CODE           	033A	0000	44
		_TX            		CODE           	0365	0000	80
		_init_ds       		CODE           	0314	0000	39

onewire.c estimated size: 385

shared
		__initialization		CODE           	07F2	0000	12

shared estimated size: 12

7-segment-x-3.c
		_draw_empty    		CODE           	02D4	0000	28
		_show_LED1     		CODE           	0295	0000	22
		_show_LED2     		CODE           	02AA	0000	22
		_show_LED3     		CODE           	02BF	0000	22
		_convert_to_segment		CODE           	0594	0000	258
		_draw_to_LED   		CODE           	0695	0000	350

7-segment-x-3.c estimated size: 702

main.c
		_main          		CODE           	041D	0000	155

main.c estimated size: 155

